---
source: crates/codex_cloud_agents/src/inbound/acp/test.rs
expression: updates
---
[
  {
    "sessionUpdate": "agent_message_chunk",
    "content": {
      "type": "text",
      "text": "hello world"
    }
  },
  {
    "sessionUpdate": "agent_thought_chunk",
    "content": {
      "type": "text",
      "text": "thinking"
    }
  }
]
