---
source: crates/folds/claude_fold/src/test.rs
expression: messages
---
[
  {
    "turn": 0,
    "author": {
      "kind": "user",
      "userId": null
    },
    "requestId": null,
    "parts": [
      {
        "kind": "text",
        "text": "Read the file."
      }
    ],
    "stop": null,
    "pending": false
  },
  {
    "turn": 0,
    "author": {
      "kind": "agent"
    },
    "requestId": null,
    "parts": [
      {
        "kind": "thought",
        "text": "I will inspect it."
      },
      {
        "kind": "tool_use",
        "id": "t1",
        "name": {
          "kind": "native",
          "name": "Read"
        },
        "status": "failed",
        "detail": {
          "kind": "read",
          "paths": []
        }
      },
      {
        "kind": "text",
        "text": "The file is missing."
      }
    ],
    "stop": {
      "kind": "end_turn"
    },
    "pending": false
  },
  {
    "turn": 1,
    "author": {
      "kind": "user",
      "userId": null
    },
    "requestId": null,
    "parts": [
      {
        "kind": "text",
        "text": "Thanks."
      }
    ],
    "stop": null,
    "pending": false
  },
  {
    "turn": 1,
    "author": {
      "kind": "agent"
    },
    "requestId": null,
    "parts": [
      {
        "kind": "text",
        "text": "You are welcome."
      }
    ],
    "stop": {
      "kind": "end_turn"
    },
    "pending": false
  }
]
