---
source: crates/cursor_cloud_agents/src/replay/test.rs
assertion_line: 208
expression: updates(sse)
input_file: crates/cursor_cloud_agents/fixtures/real/list_and_delete.sse
---
[
  {
    "sessionUpdate": "agent_thought_chunk",
    "content": {
      "type": "text",
      "text": "Listing the top-level"
    }
  },
  {
    "sessionUpdate": "agent_thought_chunk",
    "content": {
      "type": "text",
      "text": " directories of this"
    }
  },
  {
    "sessionUpdate": "agent_thought_chunk",
    "content": {
      "type": "text",
      "text": " repository."
    }
  },
  {
    "sessionUpdate": "agent_thought_chunk",
    "content": {
      "type": "text",
      "text": "\n\nNext steps: read the"
    }
  },
  {
    "sessionUpdate": "agent_thought_chunk",
    "content": {
      "type": "text",
      "text": " first 20 lines of Cargo.toml,"
    }
  },
  {
    "sessionUpdate": "agent_thought_chunk",
    "content": {
      "type": "text",
      "text": " delete docs/PROBE.md"
    }
  },
  {
    "sessionUpdate": "agent_thought_chunk",
    "content": {
      "type": "text",
      "text": " if it exists, and avoid"
    }
  },
  {
    "sessionUpdate": "agent_thought_chunk",
    "content": {
      "type": "text",
      "text": " committing, pushing,"
    }
  },
  {
    "sessionUpdate": "agent_thought_chunk",
    "content": {
      "type": "text",
      "text": " or opening a PR."
    }
  },
  {
    "sessionUpdate": "agent_message_chunk",
    "content": {
      "type": "text",
      "text": "I'll"
    }
  },
  {
    "sessionUpdate": "agent_message_chunk",
    "content": {
      "type": "text",
      "text": " list"
    }
  },
  {
    "sessionUpdate": "agent_message_chunk",
    "content": {
      "type": "text",
      "text": " the"
    }
  },
  {
    "sessionUpdate": "agent_message_chunk",
    "content": {
      "type": "text",
      "text": " repo"
    }
  },
  {
    "sessionUpdate": "agent_message_chunk",
    "content": {
      "type": "text",
      "text": "'s"
    }
  },
  {
    "sessionUpdate": "agent_message_chunk",
    "content": {
      "type": "text",
      "text": " top"
    }
  },
  {
    "sessionUpdate": "agent_message_chunk",
    "content": {
      "type": "text",
      "text": "-"
    }
  },
  {
    "sessionUpdate": "agent_message_chunk",
    "content": {
      "type": "text",
      "text": "level"
    }
  },
  {
    "sessionUpdate": "agent_message_chunk",
    "content": {
      "type": "text",
      "text": " directories"
    }
  },
  {
    "sessionUpdate": "agent_message_chunk",
    "content": {
      "type": "text",
      "text": ","
    }
  },
  {
    "sessionUpdate": "agent_message_chunk",
    "content": {
      "type": "text",
      "text": " read"
    }
  },
  {
    "sessionUpdate": "agent_message_chunk",
    "content": {
      "type": "text",
      "text": " the"
    }
  },
  {
    "sessionUpdate": "agent_message_chunk",
    "content": {
      "type": "text",
      "text": " first"
    }
  },
  {
    "sessionUpdate": "agent_message_chunk",
    "content": {
      "type": "text",
      "text": " "
    }
  },
  {
    "sessionUpdate": "agent_message_chunk",
    "content": {
      "type": "text",
      "text": "20"
    }
  },
  {
    "sessionUpdate": "agent_message_chunk",
    "content": {
      "type": "text",
      "text": " lines"
    }
  },
  {
    "sessionUpdate": "agent_message_chunk",
    "content": {
      "type": "text",
      "text": " of"
    }
  },
  {
    "sessionUpdate": "agent_message_chunk",
    "content": {
      "type": "text",
      "text": " `"
    }
  },
  {
    "sessionUpdate": "agent_message_chunk",
    "content": {
      "type": "text",
      "text": "Cargo"
    }
  },
  {
    "sessionUpdate": "agent_message_chunk",
    "content": {
      "type": "text",
      "text": ".toml"
    }
  },
  {
    "sessionUpdate": "agent_message_chunk",
    "content": {
      "type": "text",
      "text": "`,"
    }
  },
  {
    "sessionUpdate": "agent_message_chunk",
    "content": {
      "type": "text",
      "text": " then"
    }
  },
  {
    "sessionUpdate": "agent_message_chunk",
    "content": {
      "type": "text",
      "text": " delete"
    }
  },
  {
    "sessionUpdate": "agent_message_chunk",
    "content": {
      "type": "text",
      "text": " `"
    }
  },
  {
    "sessionUpdate": "agent_message_chunk",
    "content": {
      "type": "text",
      "text": "docs"
    }
  },
  {
    "sessionUpdate": "agent_message_chunk",
    "content": {
      "type": "text",
      "text": "/"
    }
  },
  {
    "sessionUpdate": "agent_message_chunk",
    "content": {
      "type": "text",
      "text": "PROBE"
    }
  },
  {
    "sessionUpdate": "agent_message_chunk",
    "content": {
      "type": "text",
      "text": ".md"
    }
  },
  {
    "sessionUpdate": "agent_message_chunk",
    "content": {
      "type": "text",
      "text": "`"
    }
  },
  {
    "sessionUpdate": "agent_message_chunk",
    "content": {
      "type": "text",
      "text": " if"
    }
  },
  {
    "sessionUpdate": "agent_message_chunk",
    "content": {
      "type": "text",
      "text": " it's"
    }
  },
  {
    "sessionUpdate": "agent_message_chunk",
    "content": {
      "type": "text",
      "text": " present"
    }
  },
  {
    "sessionUpdate": "agent_message_chunk",
    "content": {
      "type": "text",
      "text": "."
    }
  },
  {
    "sessionUpdate": "agent_message_chunk",
    "content": {
      "type": "text",
      "text": " No"
    }
  },
  {
    "sessionUpdate": "agent_message_chunk",
    "content": {
      "type": "text",
      "text": " commit"
    }
  },
  {
    "sessionUpdate": "agent_message_chunk",
    "content": {
      "type": "text",
      "text": ","
    }
  },
  {
    "sessionUpdate": "agent_message_chunk",
    "content": {
      "type": "text",
      "text": " push"
    }
  },
  {
    "sessionUpdate": "agent_message_chunk",
    "content": {
      "type": "text",
      "text": ","
    }
  },
  {
    "sessionUpdate": "agent_message_chunk",
    "content": {
      "type": "text",
      "text": " or"
    }
  },
  {
    "sessionUpdate": "agent_message_chunk",
    "content": {
      "type": "text",
      "text": " PR"
    }
  },
  {
    "sessionUpdate": "agent_message_chunk",
    "content": {
      "type": "text",
      "text": "."
    }
  },
  {
    "sessionUpdate": "tool_call",
    "toolCallId": "call-b9ee67bd-fbf3-4bf5-96c6-cf16dcfa9c4f-2 fc_db05a1d8-602e-9914-9298-b3ed8c095dc2_2",
    "title": "file_search",
    "kind": "search",
    "status": "in_progress"
  },
  {
    "sessionUpdate": "tool_call_update",
    "toolCallId": "call-b9ee67bd-fbf3-4bf5-96c6-cf16dcfa9c4f-2 fc_db05a1d8-602e-9914-9298-b3ed8c095dc2_2",
    "kind": "search",
    "status": "in_progress",
    "title": "file_search",
    "rawInput": {
      "targetDirectory": "/workspace",
      "globPattern": "docs/PROBE.md"
    }
  },
  {
    "sessionUpdate": "tool_call",
    "toolCallId": "call-b9ee67bd-fbf3-4bf5-96c6-cf16dcfa9c4f-1 fc_db05a1d8-602e-9914-9298-b3ed8c095dc2_1",
    "title": "read_file",
    "kind": "read",
    "status": "in_progress"
  },
  {
    "sessionUpdate": "tool_call_update",
    "toolCallId": "call-b9ee67bd-fbf3-4bf5-96c6-cf16dcfa9c4f-1 fc_db05a1d8-602e-9914-9298-b3ed8c095dc2_1",
    "kind": "read",
    "status": "in_progress",
    "title": "read_file",
    "locations": [
      {
        "path": "/workspace/Cargo.toml"
      }
    ],
    "rawInput": {
      "path": "/workspace/Cargo.toml",
      "limit": 20
    }
  },
  {
    "sessionUpdate": "tool_call",
    "toolCallId": "call-b9ee67bd-fbf3-4bf5-96c6-cf16dcfa9c4f-0 fc_db05a1d8-602e-9914-9298-b3ed8c095dc2_0",
    "title": "file_search",
    "kind": "search",
    "status": "in_progress"
  },
  {
    "sessionUpdate": "tool_call_update",
    "toolCallId": "call-b9ee67bd-fbf3-4bf5-96c6-cf16dcfa9c4f-0 fc_db05a1d8-602e-9914-9298-b3ed8c095dc2_0",
    "kind": "search",
    "status": "in_progress",
    "title": "file_search",
    "rawInput": {
      "targetDirectory": "/workspace",
      "globPattern": "*"
    }
  },
  {
    "sessionUpdate": "tool_call_update",
    "toolCallId": "call-b9ee67bd-fbf3-4bf5-96c6-cf16dcfa9c4f-2 fc_db05a1d8-602e-9914-9298-b3ed8c095dc2_2",
    "kind": "search",
    "status": "completed",
    "title": "file_search",
    "locations": [
      {
        "path": "/workspace"
      }
    ],
    "rawInput": {
      "targetDirectory": "/workspace",
      "globPattern": "docs/PROBE.md"
    },
    "rawOutput": {
      "result": {
        "success": {
          "path": "/workspace"
        }
      }
    }
  },
  {
    "sessionUpdate": "tool_call_update",
    "toolCallId": "call-b9ee67bd-fbf3-4bf5-96c6-cf16dcfa9c4f-1 fc_db05a1d8-602e-9914-9298-b3ed8c095dc2_1",
    "kind": "read",
    "status": "completed",
    "title": "read_file",
    "locations": [
      {
        "path": "/workspace/Cargo.toml"
      }
    ],
    "rawInput": {
      "path": "/workspace/Cargo.toml",
      "limit": 20
    },
    "rawOutput": {
      "result": {
        "success": {
          "content": "[workspace]\nresolver = \"2\"\n\nmembers = [\n  \"crates/activity\",\n  \"crates/agent\", \"crates/agent_fold\",\n  \"crates/agent_harness\",\n  \"crates/agent_runtime_protocol\", \"crates/agent_session\",\n  \"crates/agent_trigger\",\n  \"crates/ai_projections\",\n  \"crates/ai_usage\",\n  \"crates/bot_id\",\n  \"crates/bots\",\n  \"crates/broadcast\",\n  \"crates/calendar_events\",\n  \"crates/channel_bots\",\n  \"crates/client/cache-core\",\n  \"crates/client/cache-turso\",\n  \"crates/client/cache-wasm\",\n  \"crates/client/turso-opfs\",",
          "totalLines": 361,
          "fileSize": 11150,
          "path": "/workspace/Cargo.toml",
          "readRange": {
            "startLine": 1,
            "endLine": 20
          }
        }
      }
    }
  },
  {
    "sessionUpdate": "tool_call_update",
    "toolCallId": "call-b9ee67bd-fbf3-4bf5-96c6-cf16dcfa9c4f-0 fc_db05a1d8-602e-9914-9298-b3ed8c095dc2_0",
    "kind": "search",
    "status": "completed",
    "title": "file_search",
    "rawInput": {
      "targetDirectory": "/workspace",
      "globPattern": "*"
    }
  },
  {
    "sessionUpdate": "agent_thought_chunk",
    "content": {
      "type": "text",
      "text": "The initial glob search"
    }
  },
  {
    "sessionUpdate": "agent_thought_chunk",
    "content": {
      "type": "text",
      "text": " was recursive rather"
    }
  },
  {
    "sessionUpdate": "agent_thought_chunk",
    "content": {
      "type": "text",
      "text": " than a true top-level"
    }
  },
  {
    "sessionUpdate": "agent_thought_chunk",
    "content": {
      "type": "text",
      "text": " directory listing."
    }
  },
  {
    "sessionUpdate": "agent_thought_chunk",
    "content": {
      "type": "text",
      "text": "\n\nUsing `ls` to list"
    }
  },
  {
    "sessionUpdate": "agent_thought_chunk",
    "content": {
      "type": "text",
      "text": " top-level directories."
    }
  },
  {
    "sessionUpdate": "agent_thought_chunk",
    "content": {
      "type": "text",
      "text": " The docs/PROBE.md file"
    }
  },
  {
    "sessionUpdate": "agent_thought_chunk",
    "content": {
      "type": "text",
      "text": " does not exist, but"
    }
  },
  {
    "sessionUpdate": "agent_thought_chunk",
    "content": {
      "type": "text",
      "text": " I will still attempt"
    }
  },
  {
    "sessionUpdate": "agent_thought_chunk",
    "content": {
      "type": "text",
      "text": " to delete it as requested."
    }
  },
  {
    "sessionUpdate": "agent_message_chunk",
    "content": {
      "type": "text",
      "text": "Glob"
    }
  },
  {
    "sessionUpdate": "agent_message_chunk",
    "content": {
      "type": "text",
      "text": " listed"
    }
  },
  {
    "sessionUpdate": "agent_message_chunk",
    "content": {
      "type": "text",
      "text": " files"
    }
  },
  {
    "sessionUpdate": "agent_message_chunk",
    "content": {
      "type": "text",
      "text": " recursively"
    }
  },
  {
    "sessionUpdate": "agent_message_chunk",
    "content": {
      "type": "text",
      "text": " rather"
    }
  },
  {
    "sessionUpdate": "agent_message_chunk",
    "content": {
      "type": "text",
      "text": " than"
    }
  },
  {
    "sessionUpdate": "agent_message_chunk",
    "content": {
      "type": "text",
      "text": " just"
    }
  },
  {
    "sessionUpdate": "agent_message_chunk",
    "content": {
      "type": "text",
      "text": " top"
    }
  },
  {
    "sessionUpdate": "agent_message_chunk",
    "content": {
      "type": "text",
      "text": "-"
    }
  },
  {
    "sessionUpdate": "agent_message_chunk",
    "content": {
      "type": "text",
      "text": "level"
    }
  },
  {
    "sessionUpdate": "agent_message_chunk",
    "content": {
      "type": "text",
      "text": " dirs"
    }
  },
  {
    "sessionUpdate": "agent_message_chunk",
    "content": {
      "type": "text",
      "text": ","
    }
  },
  {
    "sessionUpdate": "agent_message_chunk",
    "content": {
      "type": "text",
      "text": " so"
    }
  },
  {
    "sessionUpdate": "agent_message_chunk",
    "content": {
      "type": "text",
      "text": " I’ll"
    }
  },
  {
    "sessionUpdate": "agent_message_chunk",
    "content": {
      "type": "text",
      "text": " list"
    }
  },
  {
    "sessionUpdate": "agent_message_chunk",
    "content": {
      "type": "text",
      "text": " the"
    }
  },
  {
    "sessionUpdate": "agent_message_chunk",
    "content": {
      "type": "text",
      "text": " repo"
    }
  },
  {
    "sessionUpdate": "agent_message_chunk",
    "content": {
      "type": "text",
      "text": " root"
    }
  },
  {
    "sessionUpdate": "agent_message_chunk",
    "content": {
      "type": "text",
      "text": " with"
    }
  },
  {
    "sessionUpdate": "agent_message_chunk",
    "content": {
      "type": "text",
      "text": " `"
    }
  },
  {
    "sessionUpdate": "agent_message_chunk",
    "content": {
      "type": "text",
      "text": "ls"
    }
  },
  {
    "sessionUpdate": "agent_message_chunk",
    "content": {
      "type": "text",
      "text": "`"
    }
  },
  {
    "sessionUpdate": "agent_message_chunk",
    "content": {
      "type": "text",
      "text": " and"
    }
  },
  {
    "sessionUpdate": "agent_message_chunk",
    "content": {
      "type": "text",
      "text": " then"
    }
  },
  {
    "sessionUpdate": "agent_message_chunk",
    "content": {
      "type": "text",
      "text": " try"
    }
  },
  {
    "sessionUpdate": "agent_message_chunk",
    "content": {
      "type": "text",
      "text": " deleting"
    }
  },
  {
    "sessionUpdate": "agent_message_chunk",
    "content": {
      "type": "text",
      "text": " `"
    }
  },
  {
    "sessionUpdate": "agent_message_chunk",
    "content": {
      "type": "text",
      "text": "docs"
    }
  },
  {
    "sessionUpdate": "agent_message_chunk",
    "content": {
      "type": "text",
      "text": "/"
    }
  },
  {
    "sessionUpdate": "agent_message_chunk",
    "content": {
      "type": "text",
      "text": "PROBE"
    }
  },
  {
    "sessionUpdate": "agent_message_chunk",
    "content": {
      "type": "text",
      "text": ".md"
    }
  },
  {
    "sessionUpdate": "agent_message_chunk",
    "content": {
      "type": "text",
      "text": "`."
    }
  },
  {
    "sessionUpdate": "tool_call",
    "toolCallId": "call-2d274b1d-3f53-44f4-93bb-b2037398ad4f-3 fc_78b9af8d-993a-9fba-b12a-2bb75454319c_0",
    "title": "run_terminal_cmd",
    "kind": "execute",
    "status": "in_progress",
    "rawInput": {
      "command": "ls -1 /workspace",
      "timeout": 600000,
      "toolCallId": "call-2d274b1d-3f53-44f4-93bb-b2037398ad4f-3\nfc_78b9af8d-993a-9fba-b12a-2bb75454319c_0",
      "simpleCommands": [
        "ls"
      ],
      "parsingResult": {
        "executableCommands": [
          {
            "name": "ls",
            "args": [
              {
                "type": "number",
                "value": "-1"
              },
              {
                "type": "word",
                "value": "/workspace"
              }
            ],
            "fullText": "ls -1 /workspace"
          }
        ]
      },
      "fileOutputThresholdBytes": "40000",
      "timeoutBehavior": "TIMEOUT_BEHAVIOR_BACKGROUND",
      "hardTimeout": 86400000,
      "description": "List top-level repo entries",
      "closeStdin": true,
      "conversationId": "bc-161b7bc0-c825-4a4f-9bd6-9fd63ce1bd11"
    }
  },
  {
    "sessionUpdate": "tool_call",
    "toolCallId": "call-2d274b1d-3f53-44f4-93bb-b2037398ad4f-4 fc_78b9af8d-993a-9fba-b12a-2bb75454319c_1",
    "title": "delete_file",
    "kind": "delete",
    "status": "in_progress"
  },
  {
    "sessionUpdate": "tool_call_update",
    "toolCallId": "call-2d274b1d-3f53-44f4-93bb-b2037398ad4f-4 fc_78b9af8d-993a-9fba-b12a-2bb75454319c_1",
    "kind": "delete",
    "status": "in_progress",
    "title": "delete_file",
    "locations": [
      {
        "path": "/workspace/docs/PROBE.md"
      }
    ],
    "rawInput": {
      "path": "/workspace/docs/PROBE.md",
      "toolCallId": "call-2d274b1d-3f53-44f4-93bb-b2037398ad4f-4\nfc_78b9af8d-993a-9fba-b12a-2bb75454319c_1"
    }
  },
  {
    "sessionUpdate": "tool_call_update",
    "toolCallId": "call-2d274b1d-3f53-44f4-93bb-b2037398ad4f-4 fc_78b9af8d-993a-9fba-b12a-2bb75454319c_1",
    "kind": "delete",
    "status": "failed",
    "title": "delete_file",
    "rawOutput": {
      "result": {
        "error": {
          "error": "File not found: /workspace/docs/PROBE.md"
        }
      }
    }
  },
  {
    "sessionUpdate": "tool_call_update",
    "toolCallId": "call-2d274b1d-3f53-44f4-93bb-b2037398ad4f-3 fc_78b9af8d-993a-9fba-b12a-2bb75454319c_0",
    "kind": "execute",
    "status": "completed",
    "title": "run_terminal_cmd",
    "rawInput": {
      "command": "ls -1 /workspace",
      "timeout": 600000,
      "toolCallId": "call-2d274b1d-3f53-44f4-93bb-b2037398ad4f-3\nfc_78b9af8d-993a-9fba-b12a-2bb75454319c_0",
      "simpleCommands": [
        "ls"
      ],
      "parsingResult": {
        "executableCommands": [
          {
            "name": "ls",
            "args": [
              {
                "type": "number",
                "value": "-1"
              },
              {
                "type": "word",
                "value": "/workspace"
              }
            ],
            "fullText": "ls -1 /workspace"
          }
        ]
      },
      "fileOutputThresholdBytes": "40000",
      "timeoutBehavior": "TIMEOUT_BEHAVIOR_BACKGROUND",
      "hardTimeout": 86400000,
      "description": "List top-level repo entries",
      "closeStdin": true,
      "conversationId": "bc-161b7bc0-c825-4a4f-9bd6-9fd63ce1bd11"
    },
    "rawOutput": {
      "result": {
        "success": {
          "command": "ls -1 /workspace",
          "stdout": "AGENTS.md\napps\nbiome.base.jsonc\nbunfig.toml\nbun.lock\nCargo.lock\nCargo.toml\nCLAUDE.md\nclippy.toml\ncodebook.toml\nCONTRIBUTING.md\ncrates\nCross.toml\ndeny.toml\ndocker\ndocs\nflake.lock\nflake.nix\ninfra\njustfile\nLICENSE.txt\nnix\nnix-support\nnode_modules\nopencode.json\npackage.json\npackages\nREADME.md\nrules\nrust-toolchain.toml\nservices\nsgconfig.yml\nstatic_assets\ntarget\ntooling\nVERSION\n",
          "executionTime": 358,
          "interleavedOutput": "AGENTS.md\napps\nbiome.base.jsonc\nbunfig.toml\nbun.lock\nCargo.lock\nCargo.toml\nCLAUDE.md\nclippy.toml\ncodebook.toml\nCONTRIBUTING.md\ncrates\nCross.toml\ndeny.toml\ndocker\ndocs\nflake.lock\nflake.nix\ninfra\njustfile\nLICENSE.txt\nnix\nnix-support\nnode_modules\nopencode.json\npackage.json\npackages\nREADME.md\nrules\nrust-toolchain.toml\nservices\nsgconfig.yml\nstatic_assets\ntarget\ntooling\nVERSION\n",
          "localExecutionTimeMs": 64
        },
        "isBackground": false
      }
    }
  },
  {
    "sessionUpdate": "agent_thought_chunk",
    "content": {
      "type": "text",
      "text": "I listed the top-level"
    }
  },
  {
    "sessionUpdate": "agent_thought_chunk",
    "content": {
      "type": "text",
      "text": " directories using ls."
    }
  },
  {
    "sessionUpdate": "agent_thought_chunk",
    "content": {
      "type": "text",
      "text": "\n\nI extracted the top-level"
    }
  },
  {
    "sessionUpdate": "agent_thought_chunk",
    "content": {
      "type": "text",
      "text": " directories from the"
    }
  },
  {
    "sessionUpdate": "agent_thought_chunk",
    "content": {
      "type": "text",
      "text": " ls output. I read the"
    }
  },
  {
    "sessionUpdate": "agent_thought_chunk",
    "content": {
      "type": "text",
      "text": " first 20 lines of Cargo.toml."
    }
  },
  {
    "sessionUpdate": "agent_thought_chunk",
    "content": {
      "type": "text",
      "text": " The file docs/PROBE.md"
    }
  },
  {
    "sessionUpdate": "agent_thought_chunk",
    "content": {
      "type": "text",
      "text": " does not exist, so "
    }
  },
  {
    "sessionUpdate": "agent_thought_chunk",
    "content": {
      "type": "text",
      "text": "no deletion was needed."
    }
  },
  {
    "sessionUpdate": "agent_thought_chunk",
    "content": {
      "type": "text",
      "text": " I will not commit, "
    }
  },
  {
    "sessionUpdate": "agent_thought_chunk",
    "content": {
      "type": "text",
      "text": "push, or open a pull"
    }
  },
  {
    "sessionUpdate": "agent_thought_chunk",
    "content": {
      "type": "text",
      "text": " request."
    }
  },
  {
    "sessionUpdate": "tool_call",
    "toolCallId": "call-8cff094e-59ab-44a0-af71-9f05a41315cb-5 fc_8d67e52f-dca1-96ce-a359-d02c03627dcc_0",
    "title": "run_terminal_cmd",
    "kind": "execute",
    "status": "in_progress",
    "rawInput": {
      "command": "ls -1 -d /workspace/*/",
      "timeout": 600000,
      "toolCallId": "call-8cff094e-59ab-44a0-af71-9f05a41315cb-5\nfc_8d67e52f-dca1-96ce-a359-d02c03627dcc_0",
      "simpleCommands": [
        "ls"
      ],
      "parsingResult": {
        "executableCommands": [
          {
            "name": "ls",
            "args": [
              {
                "type": "number",
                "value": "-1"
              },
              {
                "type": "word",
                "value": "-d"
              },
              {
                "type": "word",
                "value": "/workspace/*/"
              }
            ],
            "fullText": "ls -1 -d /workspace/*/"
          }
        ]
      },
      "fileOutputThresholdBytes": "40000",
      "timeoutBehavior": "TIMEOUT_BEHAVIOR_BACKGROUND",
      "hardTimeout": 86400000,
      "description": "List top-level directories only",
      "closeStdin": true,
      "conversationId": "bc-161b7bc0-c825-4a4f-9bd6-9fd63ce1bd11"
    }
  },
  {
    "sessionUpdate": "tool_call_update",
    "toolCallId": "call-8cff094e-59ab-44a0-af71-9f05a41315cb-5 fc_8d67e52f-dca1-96ce-a359-d02c03627dcc_0",
    "kind": "execute",
    "status": "completed",
    "title": "run_terminal_cmd",
    "rawInput": {
      "command": "ls -1 -d /workspace/*/",
      "timeout": 600000,
      "toolCallId": "call-8cff094e-59ab-44a0-af71-9f05a41315cb-5\nfc_8d67e52f-dca1-96ce-a359-d02c03627dcc_0",
      "simpleCommands": [
        "ls"
      ],
      "parsingResult": {
        "executableCommands": [
          {
            "name": "ls",
            "args": [
              {
                "type": "number",
                "value": "-1"
              },
              {
                "type": "word",
                "value": "-d"
              },
              {
                "type": "word",
                "value": "/workspace/*/"
              }
            ],
            "fullText": "ls -1 -d /workspace/*/"
          }
        ]
      },
      "fileOutputThresholdBytes": "40000",
      "timeoutBehavior": "TIMEOUT_BEHAVIOR_BACKGROUND",
      "hardTimeout": 86400000,
      "description": "List top-level directories only",
      "closeStdin": true,
      "conversationId": "bc-161b7bc0-c825-4a4f-9bd6-9fd63ce1bd11"
    },
    "rawOutput": {
      "result": {
        "success": {
          "command": "ls -1 -d /workspace/*/",
          "stdout": "/workspace/apps/\n/workspace/crates/\n/workspace/docker/\n/workspace/docs/\n/workspace/infra/\n/workspace/nix/\n/workspace/nix-support/\n/workspace/node_modules/\n/workspace/packages/\n/workspace/rules/\n/workspace/services/\n/workspace/static_assets/\n/workspace/target/\n/workspace/tooling/\n",
          "executionTime": 134,
          "interleavedOutput": "/workspace/apps/\n/workspace/crates/\n/workspace/docker/\n/workspace/docs/\n/workspace/infra/\n/workspace/nix/\n/workspace/nix-support/\n/workspace/node_modules/\n/workspace/packages/\n/workspace/rules/\n/workspace/services/\n/workspace/static_assets/\n/workspace/target/\n/workspace/tooling/\n",
          "localExecutionTimeMs": 65
        },
        "isBackground": false
      }
    }
  },
  {
    "sessionUpdate": "agent_thought_chunk",
    "content": {
      "type": "text",
      "text": "All requested information"
    }
  },
  {
    "sessionUpdate": "agent_thought_chunk",
    "content": {
      "type": "text",
      "text": " is ready."
    }
  },
  {
    "sessionUpdate": "agent_message_chunk",
    "content": {
      "type": "text",
      "text": "Listed"
    }
  },
  {
    "sessionUpdate": "agent_message_chunk",
    "content": {
      "type": "text",
      "text": " the"
    }
  },
  {
    "sessionUpdate": "agent_message_chunk",
    "content": {
      "type": "text",
      "text": " repo"
    }
  },
  {
    "sessionUpdate": "agent_message_chunk",
    "content": {
      "type": "text",
      "text": " root"
    }
  },
  {
    "sessionUpdate": "agent_message_chunk",
    "content": {
      "type": "text",
      "text": ","
    }
  },
  {
    "sessionUpdate": "agent_message_chunk",
    "content": {
      "type": "text",
      "text": " read"
    }
  },
  {
    "sessionUpdate": "agent_message_chunk",
    "content": {
      "type": "text",
      "text": " `"
    }
  },
  {
    "sessionUpdate": "agent_message_chunk",
    "content": {
      "type": "text",
      "text": "Cargo"
    }
  },
  {
    "sessionUpdate": "agent_message_chunk",
    "content": {
      "type": "text",
      "text": ".toml"
    }
  },
  {
    "sessionUpdate": "agent_message_chunk",
    "content": {
      "type": "text",
      "text": "`,"
    }
  },
  {
    "sessionUpdate": "agent_message_chunk",
    "content": {
      "type": "text",
      "text": " and"
    }
  },
  {
    "sessionUpdate": "agent_message_chunk",
    "content": {
      "type": "text",
      "text": " attempted"
    }
  },
  {
    "sessionUpdate": "agent_message_chunk",
    "content": {
      "type": "text",
      "text": " the"
    }
  },
  {
    "sessionUpdate": "agent_message_chunk",
    "content": {
      "type": "text",
      "text": " delete"
    }
  },
  {
    "sessionUpdate": "agent_message_chunk",
    "content": {
      "type": "text",
      "text": "."
    }
  },
  {
    "sessionUpdate": "agent_message_chunk",
    "content": {
      "type": "text",
      "text": " No"
    }
  },
  {
    "sessionUpdate": "agent_message_chunk",
    "content": {
      "type": "text",
      "text": " commit"
    }
  },
  {
    "sessionUpdate": "agent_message_chunk",
    "content": {
      "type": "text",
      "text": ","
    }
  },
  {
    "sessionUpdate": "agent_message_chunk",
    "content": {
      "type": "text",
      "text": " push"
    }
  },
  {
    "sessionUpdate": "agent_message_chunk",
    "content": {
      "type": "text",
      "text": ","
    }
  },
  {
    "sessionUpdate": "agent_message_chunk",
    "content": {
      "type": "text",
      "text": " or"
    }
  },
  {
    "sessionUpdate": "agent_message_chunk",
    "content": {
      "type": "text",
      "text": " PR"
    }
  },
  {
    "sessionUpdate": "agent_message_chunk",
    "content": {
      "type": "text",
      "text": ".\n\n"
    }
  },
  {
    "sessionUpdate": "agent_message_chunk",
    "content": {
      "type": "text",
      "text": "**"
    }
  },
  {
    "sessionUpdate": "agent_message_chunk",
    "content": {
      "type": "text",
      "text": "Top"
    }
  },
  {
    "sessionUpdate": "agent_message_chunk",
    "content": {
      "type": "text",
      "text": "-"
    }
  },
  {
    "sessionUpdate": "agent_message_chunk",
    "content": {
      "type": "text",
      "text": "level"
    }
  },
  {
    "sessionUpdate": "agent_message_chunk",
    "content": {
      "type": "text",
      "text": " directories"
    }
  },
  {
    "sessionUpdate": "agent_message_chunk",
    "content": {
      "type": "text",
      "text": "**"
    }
  },
  {
    "sessionUpdate": "agent_message_chunk",
    "content": {
      "type": "text",
      "text": "\n\n"
    }
  },
  {
    "sessionUpdate": "agent_message_chunk",
    "content": {
      "type": "text",
      "text": "-"
    }
  },
  {
    "sessionUpdate": "agent_message_chunk",
    "content": {
      "type": "text",
      "text": " `"
    }
  },
  {
    "sessionUpdate": "agent_message_chunk",
    "content": {
      "type": "text",
      "text": "apps"
    }
  },
  {
    "sessionUpdate": "agent_message_chunk",
    "content": {
      "type": "text",
      "text": "`\n"
    }
  },
  {
    "sessionUpdate": "agent_message_chunk",
    "content": {
      "type": "text",
      "text": "-"
    }
  },
  {
    "sessionUpdate": "agent_message_chunk",
    "content": {
      "type": "text",
      "text": " `"
    }
  },
  {
    "sessionUpdate": "agent_message_chunk",
    "content": {
      "type": "text",
      "text": "crates"
    }
  },
  {
    "sessionUpdate": "agent_message_chunk",
    "content": {
      "type": "text",
      "text": "`\n"
    }
  },
  {
    "sessionUpdate": "agent_message_chunk",
    "content": {
      "type": "text",
      "text": "-"
    }
  },
  {
    "sessionUpdate": "agent_message_chunk",
    "content": {
      "type": "text",
      "text": " `"
    }
  },
  {
    "sessionUpdate": "agent_message_chunk",
    "content": {
      "type": "text",
      "text": "docker"
    }
  },
  {
    "sessionUpdate": "agent_message_chunk",
    "content": {
      "type": "text",
      "text": "`\n"
    }
  },
  {
    "sessionUpdate": "agent_message_chunk",
    "content": {
      "type": "text",
      "text": "-"
    }
  },
  {
    "sessionUpdate": "agent_message_chunk",
    "content": {
      "type": "text",
      "text": " `"
    }
  },
  {
    "sessionUpdate": "agent_message_chunk",
    "content": {
      "type": "text",
      "text": "docs"
    }
  },
  {
    "sessionUpdate": "agent_message_chunk",
    "content": {
      "type": "text",
      "text": "`\n"
    }
  },
  {
    "sessionUpdate": "agent_message_chunk",
    "content": {
      "type": "text",
      "text": "-"
    }
  },
  {
    "sessionUpdate": "agent_message_chunk",
    "content": {
      "type": "text",
      "text": " `"
    }
  },
  {
    "sessionUpdate": "agent_message_chunk",
    "content": {
      "type": "text",
      "text": "infra"
    }
  },
  {
    "sessionUpdate": "agent_message_chunk",
    "content": {
      "type": "text",
      "text": "`\n"
    }
  },
  {
    "sessionUpdate": "agent_message_chunk",
    "content": {
      "type": "text",
      "text": "-"
    }
  },
  {
    "sessionUpdate": "agent_message_chunk",
    "content": {
      "type": "text",
      "text": " `"
    }
  },
  {
    "sessionUpdate": "agent_message_chunk",
    "content": {
      "type": "text",
      "text": "nix"
    }
  },
  {
    "sessionUpdate": "agent_message_chunk",
    "content": {
      "type": "text",
      "text": "`\n"
    }
  },
  {
    "sessionUpdate": "agent_message_chunk",
    "content": {
      "type": "text",
      "text": "-"
    }
  },
  {
    "sessionUpdate": "agent_message_chunk",
    "content": {
      "type": "text",
      "text": " `"
    }
  },
  {
    "sessionUpdate": "agent_message_chunk",
    "content": {
      "type": "text",
      "text": "nix"
    }
  },
  {
    "sessionUpdate": "agent_message_chunk",
    "content": {
      "type": "text",
      "text": "-"
    }
  },
  {
    "sessionUpdate": "agent_message_chunk",
    "content": {
      "type": "text",
      "text": "support"
    }
  },
  {
    "sessionUpdate": "agent_message_chunk",
    "content": {
      "type": "text",
      "text": "`\n"
    }
  },
  {
    "sessionUpdate": "agent_message_chunk",
    "content": {
      "type": "text",
      "text": "-"
    }
  },
  {
    "sessionUpdate": "agent_message_chunk",
    "content": {
      "type": "text",
      "text": " `"
    }
  },
  {
    "sessionUpdate": "agent_message_chunk",
    "content": {
      "type": "text",
      "text": "node"
    }
  },
  {
    "sessionUpdate": "agent_message_chunk",
    "content": {
      "type": "text",
      "text": "_"
    }
  },
  {
    "sessionUpdate": "agent_message_chunk",
    "content": {
      "type": "text",
      "text": "modules"
    }
  },
  {
    "sessionUpdate": "agent_message_chunk",
    "content": {
      "type": "text",
      "text": "`\n"
    }
  },
  {
    "sessionUpdate": "agent_message_chunk",
    "content": {
      "type": "text",
      "text": "-"
    }
  },
  {
    "sessionUpdate": "agent_message_chunk",
    "content": {
      "type": "text",
      "text": " `"
    }
  },
  {
    "sessionUpdate": "agent_message_chunk",
    "content": {
      "type": "text",
      "text": "packages"
    }
  },
  {
    "sessionUpdate": "agent_message_chunk",
    "content": {
      "type": "text",
      "text": "`\n"
    }
  },
  {
    "sessionUpdate": "agent_message_chunk",
    "content": {
      "type": "text",
      "text": "-"
    }
  },
  {
    "sessionUpdate": "agent_message_chunk",
    "content": {
      "type": "text",
      "text": " `"
    }
  },
  {
    "sessionUpdate": "agent_message_chunk",
    "content": {
      "type": "text",
      "text": "rules"
    }
  },
  {
    "sessionUpdate": "agent_message_chunk",
    "content": {
      "type": "text",
      "text": "`\n"
    }
  },
  {
    "sessionUpdate": "agent_message_chunk",
    "content": {
      "type": "text",
      "text": "-"
    }
  },
  {
    "sessionUpdate": "agent_message_chunk",
    "content": {
      "type": "text",
      "text": " `"
    }
  },
  {
    "sessionUpdate": "agent_message_chunk",
    "content": {
      "type": "text",
      "text": "services"
    }
  },
  {
    "sessionUpdate": "agent_message_chunk",
    "content": {
      "type": "text",
      "text": "`\n"
    }
  },
  {
    "sessionUpdate": "agent_message_chunk",
    "content": {
      "type": "text",
      "text": "-"
    }
  },
  {
    "sessionUpdate": "agent_message_chunk",
    "content": {
      "type": "text",
      "text": " `"
    }
  },
  {
    "sessionUpdate": "agent_message_chunk",
    "content": {
      "type": "text",
      "text": "static"
    }
  },
  {
    "sessionUpdate": "agent_message_chunk",
    "content": {
      "type": "text",
      "text": "_"
    }
  },
  {
    "sessionUpdate": "agent_message_chunk",
    "content": {
      "type": "text",
      "text": "assets"
    }
  },
  {
    "sessionUpdate": "agent_message_chunk",
    "content": {
      "type": "text",
      "text": "`\n"
    }
  },
  {
    "sessionUpdate": "agent_message_chunk",
    "content": {
      "type": "text",
      "text": "-"
    }
  },
  {
    "sessionUpdate": "agent_message_chunk",
    "content": {
      "type": "text",
      "text": " `"
    }
  },
  {
    "sessionUpdate": "agent_message_chunk",
    "content": {
      "type": "text",
      "text": "target"
    }
  },
  {
    "sessionUpdate": "agent_message_chunk",
    "content": {
      "type": "text",
      "text": "`\n"
    }
  },
  {
    "sessionUpdate": "agent_message_chunk",
    "content": {
      "type": "text",
      "text": "-"
    }
  },
  {
    "sessionUpdate": "agent_message_chunk",
    "content": {
      "type": "text",
      "text": " `"
    }
  },
  {
    "sessionUpdate": "agent_message_chunk",
    "content": {
      "type": "text",
      "text": "tool"
    }
  },
  {
    "sessionUpdate": "agent_message_chunk",
    "content": {
      "type": "text",
      "text": "ing"
    }
  },
  {
    "sessionUpdate": "agent_message_chunk",
    "content": {
      "type": "text",
      "text": "`\n\n"
    }
  },
  {
    "sessionUpdate": "agent_message_chunk",
    "content": {
      "type": "text",
      "text": "**"
    }
  },
  {
    "sessionUpdate": "agent_message_chunk",
    "content": {
      "type": "text",
      "text": "First"
    }
  },
  {
    "sessionUpdate": "agent_message_chunk",
    "content": {
      "type": "text",
      "text": " "
    }
  },
  {
    "sessionUpdate": "agent_message_chunk",
    "content": {
      "type": "text",
      "text": "20"
    }
  },
  {
    "sessionUpdate": "agent_message_chunk",
    "content": {
      "type": "text",
      "text": " lines"
    }
  },
  {
    "sessionUpdate": "agent_message_chunk",
    "content": {
      "type": "text",
      "text": " of"
    }
  },
  {
    "sessionUpdate": "agent_message_chunk",
    "content": {
      "type": "text",
      "text": " `"
    }
  },
  {
    "sessionUpdate": "agent_message_chunk",
    "content": {
      "type": "text",
      "text": "Cargo"
    }
  },
  {
    "sessionUpdate": "agent_message_chunk",
    "content": {
      "type": "text",
      "text": ".toml"
    }
  },
  {
    "sessionUpdate": "agent_message_chunk",
    "content": {
      "type": "text",
      "text": "`"
    }
  },
  {
    "sessionUpdate": "agent_message_chunk",
    "content": {
      "type": "text",
      "text": "**"
    }
  },
  {
    "sessionUpdate": "agent_message_chunk",
    "content": {
      "type": "text",
      "text": "\n\n"
    }
  },
  {
    "sessionUpdate": "agent_message_chunk",
    "content": {
      "type": "text",
      "text": "```"
    }
  },
  {
    "sessionUpdate": "agent_message_chunk",
    "content": {
      "type": "text",
      "text": "1"
    }
  },
  {
    "sessionUpdate": "agent_message_chunk",
    "content": {
      "type": "text",
      "text": ":"
    }
  },
  {
    "sessionUpdate": "agent_message_chunk",
    "content": {
      "type": "text",
      "text": "20"
    }
  },
  {
    "sessionUpdate": "agent_message_chunk",
    "content": {
      "type": "text",
      "text": ":/"
    }
  },
  {
    "sessionUpdate": "agent_message_chunk",
    "content": {
      "type": "text",
      "text": "workspace"
    }
  },
  {
    "sessionUpdate": "agent_message_chunk",
    "content": {
      "type": "text",
      "text": "/"
    }
  },
  {
    "sessionUpdate": "agent_message_chunk",
    "content": {
      "type": "text",
      "text": "Cargo"
    }
  },
  {
    "sessionUpdate": "agent_message_chunk",
    "content": {
      "type": "text",
      "text": ".toml"
    }
  },
  {
    "sessionUpdate": "agent_message_chunk",
    "content": {
      "type": "text",
      "text": "\n"
    }
  },
  {
    "sessionUpdate": "agent_message_chunk",
    "content": {
      "type": "text",
      "text": "["
    }
  },
  {
    "sessionUpdate": "agent_message_chunk",
    "content": {
      "type": "text",
      "text": "workspace"
    }
  },
  {
    "sessionUpdate": "agent_message_chunk",
    "content": {
      "type": "text",
      "text": "]\n"
    }
  },
  {
    "sessionUpdate": "agent_message_chunk",
    "content": {
      "type": "text",
      "text": "resolver"
    }
  },
  {
    "sessionUpdate": "agent_message_chunk",
    "content": {
      "type": "text",
      "text": " ="
    }
  },
  {
    "sessionUpdate": "agent_message_chunk",
    "content": {
      "type": "text",
      "text": " \""
    }
  },
  {
    "sessionUpdate": "agent_message_chunk",
    "content": {
      "type": "text",
      "text": "2"
    }
  },
  {
    "sessionUpdate": "agent_message_chunk",
    "content": {
      "type": "text",
      "text": "\"\n\n"
    }
  },
  {
    "sessionUpdate": "agent_message_chunk",
    "content": {
      "type": "text",
      "text": "members"
    }
  },
  {
    "sessionUpdate": "agent_message_chunk",
    "content": {
      "type": "text",
      "text": " ="
    }
  },
  {
    "sessionUpdate": "agent_message_chunk",
    "content": {
      "type": "text",
      "text": " [\n"
    }
  },
  {
    "sessionUpdate": "agent_message_chunk",
    "content": {
      "type": "text",
      "text": " "
    }
  },
  {
    "sessionUpdate": "agent_message_chunk",
    "content": {
      "type": "text",
      "text": " \""
    }
  },
  {
    "sessionUpdate": "agent_message_chunk",
    "content": {
      "type": "text",
      "text": "crates"
    }
  },
  {
    "sessionUpdate": "agent_message_chunk",
    "content": {
      "type": "text",
      "text": "/"
    }
  },
  {
    "sessionUpdate": "agent_message_chunk",
    "content": {
      "type": "text",
      "text": "activity"
    }
  },
  {
    "sessionUpdate": "agent_message_chunk",
    "content": {
      "type": "text",
      "text": "\","
    }
  },
  {
    "sessionUpdate": "agent_message_chunk",
    "content": {
      "type": "text",
      "text": "\n"
    }
  },
  {
    "sessionUpdate": "agent_message_chunk",
    "content": {
      "type": "text",
      "text": " "
    }
  },
  {
    "sessionUpdate": "agent_message_chunk",
    "content": {
      "type": "text",
      "text": " \""
    }
  },
  {
    "sessionUpdate": "agent_message_chunk",
    "content": {
      "type": "text",
      "text": "crates"
    }
  },
  {
    "sessionUpdate": "agent_message_chunk",
    "content": {
      "type": "text",
      "text": "/"
    }
  },
  {
    "sessionUpdate": "agent_message_chunk",
    "content": {
      "type": "text",
      "text": "agent"
    }
  },
  {
    "sessionUpdate": "agent_message_chunk",
    "content": {
      "type": "text",
      "text": "\","
    }
  },
  {
    "sessionUpdate": "agent_message_chunk",
    "content": {
      "type": "text",
      "text": " \""
    }
  },
  {
    "sessionUpdate": "agent_message_chunk",
    "content": {
      "type": "text",
      "text": "crates"
    }
  },
  {
    "sessionUpdate": "agent_message_chunk",
    "content": {
      "type": "text",
      "text": "/"
    }
  },
  {
    "sessionUpdate": "agent_message_chunk",
    "content": {
      "type": "text",
      "text": "agent"
    }
  },
  {
    "sessionUpdate": "agent_message_chunk",
    "content": {
      "type": "text",
      "text": "_"
    }
  },
  {
    "sessionUpdate": "agent_message_chunk",
    "content": {
      "type": "text",
      "text": "fold"
    }
  },
  {
    "sessionUpdate": "agent_message_chunk",
    "content": {
      "type": "text",
      "text": "\","
    }
  },
  {
    "sessionUpdate": "agent_message_chunk",
    "content": {
      "type": "text",
      "text": "\n"
    }
  },
  {
    "sessionUpdate": "agent_message_chunk",
    "content": {
      "type": "text",
      "text": " "
    }
  },
  {
    "sessionUpdate": "agent_message_chunk",
    "content": {
      "type": "text",
      "text": " \""
    }
  },
  {
    "sessionUpdate": "agent_message_chunk",
    "content": {
      "type": "text",
      "text": "crates"
    }
  },
  {
    "sessionUpdate": "agent_message_chunk",
    "content": {
      "type": "text",
      "text": "/"
    }
  },
  {
    "sessionUpdate": "agent_message_chunk",
    "content": {
      "type": "text",
      "text": "agent"
    }
  },
  {
    "sessionUpdate": "agent_message_chunk",
    "content": {
      "type": "text",
      "text": "_"
    }
  },
  {
    "sessionUpdate": "agent_message_chunk",
    "content": {
      "type": "text",
      "text": "har"
    }
  },
  {
    "sessionUpdate": "agent_message_chunk",
    "content": {
      "type": "text",
      "text": "ness"
    }
  },
  {
    "sessionUpdate": "agent_message_chunk",
    "content": {
      "type": "text",
      "text": "\","
    }
  },
  {
    "sessionUpdate": "agent_message_chunk",
    "content": {
      "type": "text",
      "text": "\n"
    }
  },
  {
    "sessionUpdate": "agent_message_chunk",
    "content": {
      "type": "text",
      "text": " "
    }
  },
  {
    "sessionUpdate": "agent_message_chunk",
    "content": {
      "type": "text",
      "text": " \""
    }
  },
  {
    "sessionUpdate": "agent_message_chunk",
    "content": {
      "type": "text",
      "text": "crates"
    }
  },
  {
    "sessionUpdate": "agent_message_chunk",
    "content": {
      "type": "text",
      "text": "/"
    }
  },
  {
    "sessionUpdate": "agent_message_chunk",
    "content": {
      "type": "text",
      "text": "agent"
    }
  },
  {
    "sessionUpdate": "agent_message_chunk",
    "content": {
      "type": "text",
      "text": "_"
    }
  },
  {
    "sessionUpdate": "agent_message_chunk",
    "content": {
      "type": "text",
      "text": "runtime"
    }
  },
  {
    "sessionUpdate": "agent_message_chunk",
    "content": {
      "type": "text",
      "text": "_"
    }
  },
  {
    "sessionUpdate": "agent_message_chunk",
    "content": {
      "type": "text",
      "text": "protocol"
    }
  },
  {
    "sessionUpdate": "agent_message_chunk",
    "content": {
      "type": "text",
      "text": "\","
    }
  },
  {
    "sessionUpdate": "agent_message_chunk",
    "content": {
      "type": "text",
      "text": " \""
    }
  },
  {
    "sessionUpdate": "agent_message_chunk",
    "content": {
      "type": "text",
      "text": "crates"
    }
  },
  {
    "sessionUpdate": "agent_message_chunk",
    "content": {
      "type": "text",
      "text": "/"
    }
  },
  {
    "sessionUpdate": "agent_message_chunk",
    "content": {
      "type": "text",
      "text": "agent"
    }
  },
  {
    "sessionUpdate": "agent_message_chunk",
    "content": {
      "type": "text",
      "text": "_"
    }
  },
  {
    "sessionUpdate": "agent_message_chunk",
    "content": {
      "type": "text",
      "text": "session"
    }
  },
  {
    "sessionUpdate": "agent_message_chunk",
    "content": {
      "type": "text",
      "text": "\","
    }
  },
  {
    "sessionUpdate": "agent_message_chunk",
    "content": {
      "type": "text",
      "text": "\n"
    }
  },
  {
    "sessionUpdate": "agent_message_chunk",
    "content": {
      "type": "text",
      "text": " "
    }
  },
  {
    "sessionUpdate": "agent_message_chunk",
    "content": {
      "type": "text",
      "text": " \""
    }
  },
  {
    "sessionUpdate": "agent_message_chunk",
    "content": {
      "type": "text",
      "text": "crates"
    }
  },
  {
    "sessionUpdate": "agent_message_chunk",
    "content": {
      "type": "text",
      "text": "/"
    }
  },
  {
    "sessionUpdate": "agent_message_chunk",
    "content": {
      "type": "text",
      "text": "agent"
    }
  },
  {
    "sessionUpdate": "agent_message_chunk",
    "content": {
      "type": "text",
      "text": "_"
    }
  },
  {
    "sessionUpdate": "agent_message_chunk",
    "content": {
      "type": "text",
      "text": "trigger"
    }
  },
  {
    "sessionUpdate": "agent_message_chunk",
    "content": {
      "type": "text",
      "text": "\","
    }
  },
  {
    "sessionUpdate": "agent_message_chunk",
    "content": {
      "type": "text",
      "text": "\n"
    }
  },
  {
    "sessionUpdate": "agent_message_chunk",
    "content": {
      "type": "text",
      "text": " "
    }
  },
  {
    "sessionUpdate": "agent_message_chunk",
    "content": {
      "type": "text",
      "text": " \""
    }
  },
  {
    "sessionUpdate": "agent_message_chunk",
    "content": {
      "type": "text",
      "text": "crates"
    }
  },
  {
    "sessionUpdate": "agent_message_chunk",
    "content": {
      "type": "text",
      "text": "/"
    }
  },
  {
    "sessionUpdate": "agent_message_chunk",
    "content": {
      "type": "text",
      "text": "ai"
    }
  },
  {
    "sessionUpdate": "agent_message_chunk",
    "content": {
      "type": "text",
      "text": "_"
    }
  },
  {
    "sessionUpdate": "agent_message_chunk",
    "content": {
      "type": "text",
      "text": "pro"
    }
  },
  {
    "sessionUpdate": "agent_message_chunk",
    "content": {
      "type": "text",
      "text": "jections"
    }
  },
  {
    "sessionUpdate": "agent_message_chunk",
    "content": {
      "type": "text",
      "text": "\","
    }
  },
  {
    "sessionUpdate": "agent_message_chunk",
    "content": {
      "type": "text",
      "text": "\n"
    }
  },
  {
    "sessionUpdate": "agent_message_chunk",
    "content": {
      "type": "text",
      "text": " "
    }
  },
  {
    "sessionUpdate": "agent_message_chunk",
    "content": {
      "type": "text",
      "text": " \""
    }
  },
  {
    "sessionUpdate": "agent_message_chunk",
    "content": {
      "type": "text",
      "text": "crates"
    }
  },
  {
    "sessionUpdate": "agent_message_chunk",
    "content": {
      "type": "text",
      "text": "/"
    }
  },
  {
    "sessionUpdate": "agent_message_chunk",
    "content": {
      "type": "text",
      "text": "ai"
    }
  },
  {
    "sessionUpdate": "agent_message_chunk",
    "content": {
      "type": "text",
      "text": "_"
    }
  },
  {
    "sessionUpdate": "agent_message_chunk",
    "content": {
      "type": "text",
      "text": "usage"
    }
  },
  {
    "sessionUpdate": "agent_message_chunk",
    "content": {
      "type": "text",
      "text": "\","
    }
  },
  {
    "sessionUpdate": "agent_message_chunk",
    "content": {
      "type": "text",
      "text": "\n"
    }
  },
  {
    "sessionUpdate": "agent_message_chunk",
    "content": {
      "type": "text",
      "text": " "
    }
  },
  {
    "sessionUpdate": "agent_message_chunk",
    "content": {
      "type": "text",
      "text": " \""
    }
  },
  {
    "sessionUpdate": "agent_message_chunk",
    "content": {
      "type": "text",
      "text": "crates"
    }
  },
  {
    "sessionUpdate": "agent_message_chunk",
    "content": {
      "type": "text",
      "text": "/"
    }
  },
  {
    "sessionUpdate": "agent_message_chunk",
    "content": {
      "type": "text",
      "text": "bot"
    }
  },
  {
    "sessionUpdate": "agent_message_chunk",
    "content": {
      "type": "text",
      "text": "_"
    }
  },
  {
    "sessionUpdate": "agent_message_chunk",
    "content": {
      "type": "text",
      "text": "id"
    }
  },
  {
    "sessionUpdate": "agent_message_chunk",
    "content": {
      "type": "text",
      "text": "\","
    }
  },
  {
    "sessionUpdate": "agent_message_chunk",
    "content": {
      "type": "text",
      "text": "\n"
    }
  },
  {
    "sessionUpdate": "agent_message_chunk",
    "content": {
      "type": "text",
      "text": " "
    }
  },
  {
    "sessionUpdate": "agent_message_chunk",
    "content": {
      "type": "text",
      "text": " \""
    }
  },
  {
    "sessionUpdate": "agent_message_chunk",
    "content": {
      "type": "text",
      "text": "crates"
    }
  },
  {
    "sessionUpdate": "agent_message_chunk",
    "content": {
      "type": "text",
      "text": "/"
    }
  },
  {
    "sessionUpdate": "agent_message_chunk",
    "content": {
      "type": "text",
      "text": "bots"
    }
  },
  {
    "sessionUpdate": "agent_message_chunk",
    "content": {
      "type": "text",
      "text": "\","
    }
  },
  {
    "sessionUpdate": "agent_message_chunk",
    "content": {
      "type": "text",
      "text": "\n"
    }
  },
  {
    "sessionUpdate": "agent_message_chunk",
    "content": {
      "type": "text",
      "text": " "
    }
  },
  {
    "sessionUpdate": "agent_message_chunk",
    "content": {
      "type": "text",
      "text": " \""
    }
  },
  {
    "sessionUpdate": "agent_message_chunk",
    "content": {
      "type": "text",
      "text": "crates"
    }
  },
  {
    "sessionUpdate": "agent_message_chunk",
    "content": {
      "type": "text",
      "text": "/"
    }
  },
  {
    "sessionUpdate": "agent_message_chunk",
    "content": {
      "type": "text",
      "text": "broadcast"
    }
  },
  {
    "sessionUpdate": "agent_message_chunk",
    "content": {
      "type": "text",
      "text": "\","
    }
  },
  {
    "sessionUpdate": "agent_message_chunk",
    "content": {
      "type": "text",
      "text": "\n"
    }
  },
  {
    "sessionUpdate": "agent_message_chunk",
    "content": {
      "type": "text",
      "text": " "
    }
  },
  {
    "sessionUpdate": "agent_message_chunk",
    "content": {
      "type": "text",
      "text": " \""
    }
  },
  {
    "sessionUpdate": "agent_message_chunk",
    "content": {
      "type": "text",
      "text": "crates"
    }
  },
  {
    "sessionUpdate": "agent_message_chunk",
    "content": {
      "type": "text",
      "text": "/"
    }
  },
  {
    "sessionUpdate": "agent_message_chunk",
    "content": {
      "type": "text",
      "text": "calendar"
    }
  },
  {
    "sessionUpdate": "agent_message_chunk",
    "content": {
      "type": "text",
      "text": "_"
    }
  },
  {
    "sessionUpdate": "agent_message_chunk",
    "content": {
      "type": "text",
      "text": "events"
    }
  },
  {
    "sessionUpdate": "agent_message_chunk",
    "content": {
      "type": "text",
      "text": "\","
    }
  },
  {
    "sessionUpdate": "agent_message_chunk",
    "content": {
      "type": "text",
      "text": "\n"
    }
  },
  {
    "sessionUpdate": "agent_message_chunk",
    "content": {
      "type": "text",
      "text": " "
    }
  },
  {
    "sessionUpdate": "agent_message_chunk",
    "content": {
      "type": "text",
      "text": " \""
    }
  },
  {
    "sessionUpdate": "agent_message_chunk",
    "content": {
      "type": "text",
      "text": "crates"
    }
  },
  {
    "sessionUpdate": "agent_message_chunk",
    "content": {
      "type": "text",
      "text": "/"
    }
  },
  {
    "sessionUpdate": "agent_message_chunk",
    "content": {
      "type": "text",
      "text": "channel"
    }
  },
  {
    "sessionUpdate": "agent_message_chunk",
    "content": {
      "type": "text",
      "text": "_"
    }
  },
  {
    "sessionUpdate": "agent_message_chunk",
    "content": {
      "type": "text",
      "text": "bots"
    }
  },
  {
    "sessionUpdate": "agent_message_chunk",
    "content": {
      "type": "text",
      "text": "\","
    }
  },
  {
    "sessionUpdate": "agent_message_chunk",
    "content": {
      "type": "text",
      "text": "\n"
    }
  },
  {
    "sessionUpdate": "agent_message_chunk",
    "content": {
      "type": "text",
      "text": " "
    }
  },
  {
    "sessionUpdate": "agent_message_chunk",
    "content": {
      "type": "text",
      "text": " \""
    }
  },
  {
    "sessionUpdate": "agent_message_chunk",
    "content": {
      "type": "text",
      "text": "crates"
    }
  },
  {
    "sessionUpdate": "agent_message_chunk",
    "content": {
      "type": "text",
      "text": "/"
    }
  },
  {
    "sessionUpdate": "agent_message_chunk",
    "content": {
      "type": "text",
      "text": "client"
    }
  },
  {
    "sessionUpdate": "agent_message_chunk",
    "content": {
      "type": "text",
      "text": "/"
    }
  },
  {
    "sessionUpdate": "agent_message_chunk",
    "content": {
      "type": "text",
      "text": "cache"
    }
  },
  {
    "sessionUpdate": "agent_message_chunk",
    "content": {
      "type": "text",
      "text": "-"
    }
  },
  {
    "sessionUpdate": "agent_message_chunk",
    "content": {
      "type": "text",
      "text": "core"
    }
  },
  {
    "sessionUpdate": "agent_message_chunk",
    "content": {
      "type": "text",
      "text": "\","
    }
  },
  {
    "sessionUpdate": "agent_message_chunk",
    "content": {
      "type": "text",
      "text": "\n"
    }
  },
  {
    "sessionUpdate": "agent_message_chunk",
    "content": {
      "type": "text",
      "text": " "
    }
  },
  {
    "sessionUpdate": "agent_message_chunk",
    "content": {
      "type": "text",
      "text": " \""
    }
  },
  {
    "sessionUpdate": "agent_message_chunk",
    "content": {
      "type": "text",
      "text": "crates"
    }
  },
  {
    "sessionUpdate": "agent_message_chunk",
    "content": {
      "type": "text",
      "text": "/"
    }
  },
  {
    "sessionUpdate": "agent_message_chunk",
    "content": {
      "type": "text",
      "text": "client"
    }
  },
  {
    "sessionUpdate": "agent_message_chunk",
    "content": {
      "type": "text",
      "text": "/"
    }
  },
  {
    "sessionUpdate": "agent_message_chunk",
    "content": {
      "type": "text",
      "text": "cache"
    }
  },
  {
    "sessionUpdate": "agent_message_chunk",
    "content": {
      "type": "text",
      "text": "-"
    }
  },
  {
    "sessionUpdate": "agent_message_chunk",
    "content": {
      "type": "text",
      "text": "tur"
    }
  },
  {
    "sessionUpdate": "agent_message_chunk",
    "content": {
      "type": "text",
      "text": "so"
    }
  },
  {
    "sessionUpdate": "agent_message_chunk",
    "content": {
      "type": "text",
      "text": "\","
    }
  },
  {
    "sessionUpdate": "agent_message_chunk",
    "content": {
      "type": "text",
      "text": "\n"
    }
  },
  {
    "sessionUpdate": "agent_message_chunk",
    "content": {
      "type": "text",
      "text": " "
    }
  },
  {
    "sessionUpdate": "agent_message_chunk",
    "content": {
      "type": "text",
      "text": " \""
    }
  },
  {
    "sessionUpdate": "agent_message_chunk",
    "content": {
      "type": "text",
      "text": "crates"
    }
  },
  {
    "sessionUpdate": "agent_message_chunk",
    "content": {
      "type": "text",
      "text": "/"
    }
  },
  {
    "sessionUpdate": "agent_message_chunk",
    "content": {
      "type": "text",
      "text": "client"
    }
  },
  {
    "sessionUpdate": "agent_message_chunk",
    "content": {
      "type": "text",
      "text": "/"
    }
  },
  {
    "sessionUpdate": "agent_message_chunk",
    "content": {
      "type": "text",
      "text": "cache"
    }
  },
  {
    "sessionUpdate": "agent_message_chunk",
    "content": {
      "type": "text",
      "text": "-"
    }
  },
  {
    "sessionUpdate": "agent_message_chunk",
    "content": {
      "type": "text",
      "text": "wasm"
    }
  },
  {
    "sessionUpdate": "agent_message_chunk",
    "content": {
      "type": "text",
      "text": "\","
    }
  },
  {
    "sessionUpdate": "agent_message_chunk",
    "content": {
      "type": "text",
      "text": "\n"
    }
  },
  {
    "sessionUpdate": "agent_message_chunk",
    "content": {
      "type": "text",
      "text": " "
    }
  },
  {
    "sessionUpdate": "agent_message_chunk",
    "content": {
      "type": "text",
      "text": " \""
    }
  },
  {
    "sessionUpdate": "agent_message_chunk",
    "content": {
      "type": "text",
      "text": "crates"
    }
  },
  {
    "sessionUpdate": "agent_message_chunk",
    "content": {
      "type": "text",
      "text": "/"
    }
  },
  {
    "sessionUpdate": "agent_message_chunk",
    "content": {
      "type": "text",
      "text": "client"
    }
  },
  {
    "sessionUpdate": "agent_message_chunk",
    "content": {
      "type": "text",
      "text": "/"
    }
  },
  {
    "sessionUpdate": "agent_message_chunk",
    "content": {
      "type": "text",
      "text": "tur"
    }
  },
  {
    "sessionUpdate": "agent_message_chunk",
    "content": {
      "type": "text",
      "text": "so"
    }
  },
  {
    "sessionUpdate": "agent_message_chunk",
    "content": {
      "type": "text",
      "text": "-"
    }
  },
  {
    "sessionUpdate": "agent_message_chunk",
    "content": {
      "type": "text",
      "text": "op"
    }
  },
  {
    "sessionUpdate": "agent_message_chunk",
    "content": {
      "type": "text",
      "text": "fs"
    }
  },
  {
    "sessionUpdate": "agent_message_chunk",
    "content": {
      "type": "text",
      "text": "\","
    }
  },
  {
    "sessionUpdate": "agent_message_chunk",
    "content": {
      "type": "text",
      "text": "\n"
    }
  },
  {
    "sessionUpdate": "agent_message_chunk",
    "content": {
      "type": "text",
      "text": "```"
    }
  },
  {
    "sessionUpdate": "agent_message_chunk",
    "content": {
      "type": "text",
      "text": "\n\n"
    }
  },
  {
    "sessionUpdate": "agent_message_chunk",
    "content": {
      "type": "text",
      "text": "**"
    }
  },
  {
    "sessionUpdate": "agent_message_chunk",
    "content": {
      "type": "text",
      "text": "Delete"
    }
  },
  {
    "sessionUpdate": "agent_message_chunk",
    "content": {
      "type": "text",
      "text": ":**"
    }
  },
  {
    "sessionUpdate": "agent_message_chunk",
    "content": {
      "type": "text",
      "text": " `"
    }
  },
  {
    "sessionUpdate": "agent_message_chunk",
    "content": {
      "type": "text",
      "text": "docs"
    }
  },
  {
    "sessionUpdate": "agent_message_chunk",
    "content": {
      "type": "text",
      "text": "/"
    }
  },
  {
    "sessionUpdate": "agent_message_chunk",
    "content": {
      "type": "text",
      "text": "PROBE"
    }
  },
  {
    "sessionUpdate": "agent_message_chunk",
    "content": {
      "type": "text",
      "text": ".md"
    }
  },
  {
    "sessionUpdate": "agent_message_chunk",
    "content": {
      "type": "text",
      "text": "`"
    }
  },
  {
    "sessionUpdate": "agent_message_chunk",
    "content": {
      "type": "text",
      "text": " was"
    }
  },
  {
    "sessionUpdate": "agent_message_chunk",
    "content": {
      "type": "text",
      "text": " not"
    }
  },
  {
    "sessionUpdate": "agent_message_chunk",
    "content": {
      "type": "text",
      "text": " present"
    }
  },
  {
    "sessionUpdate": "agent_message_chunk",
    "content": {
      "type": "text",
      "text": " (`"
    }
  },
  {
    "sessionUpdate": "agent_message_chunk",
    "content": {
      "type": "text",
      "text": "File"
    }
  },
  {
    "sessionUpdate": "agent_message_chunk",
    "content": {
      "type": "text",
      "text": " not"
    }
  },
  {
    "sessionUpdate": "agent_message_chunk",
    "content": {
      "type": "text",
      "text": " found"
    }
  },
  {
    "sessionUpdate": "agent_message_chunk",
    "content": {
      "type": "text",
      "text": "`)."
    }
  }
]
