---
source: crates/cursor_acp/src/replay/test.rs
assertion_line: 199
expression: calls
input_file: crates/cursor_acp/fixtures/real/search_tools.sse
---
[
    "tool_call \"file_search\" kind=Search status=InProgress",
    "  update   Some(\"file_search\") kind=Some(Search) status=Some(InProgress)",
    "tool_call \"grep_search\" kind=Search status=InProgress",
    "  update   Some(\"grep_search\") kind=Some(Search) status=Some(InProgress)",
    "  update   Some(\"file_search\") kind=Some(Search) status=Some(Completed)",
    "  update   Some(\"grep_search\") kind=Some(Search) status=Some(Completed)",
    "tool_call \"task\" kind=Other status=InProgress",
    "  update   Some(\"task\") kind=Some(Other) status=Some(Completed)",
]
