---
source: crates/cursor_acp/src/replay/test.rs
assertion_line: 201
expression: calls
input_file: crates/cursor_acp/fixtures/real/shell_arithmetic.sse
---
[
    "tool_call \"run_terminal_cmd\" kind=Execute status=InProgress",
    "  update   Some(\"run_terminal_cmd\") kind=Some(Execute) status=Some(Completed)",
]
