---
source: crates/folds/codex_fold/src/test.rs
expression: messages
---
[
  {
    "turn": 0,
    "author": {
      "kind": "user",
      "userId": null
    },
    "requestId": null,
    "parts": [
      {
        "kind": "text",
        "text": "Read the file."
      }
    ],
    "stop": null,
    "pending": false
  },
  {
    "turn": 0,
    "author": {
      "kind": "agent"
    },
    "requestId": null,
    "parts": [
      {
        "kind": "thought",
        "text": "I will inspect it."
      },
      {
        "kind": "tool_use",
        "id": "t1",
        "name": {
          "kind": "native",
          "name": "Run cat a.txt"
        },
        "status": "failed",
        "detail": {
          "kind": "read",
          "paths": []
        }
      },
      {
        "kind": "tool_use",
        "id": "f1",
        "name": {
          "kind": "native",
          "name": "Edit /repo/a.txt"
        },
        "status": "completed",
        "detail": {
          "kind": "edit",
          "diffs": []
        }
      },
      {
        "kind": "tool_use",
        "id": "m1",
        "name": {
          "kind": "native",
          "name": "Call macro.search"
        },
        "status": "failed",
        "detail": {
          "kind": "other",
          "acpKind": "other",
          "output": null,
          "input": {
            "query": "file"
          },
          "result": null,
          "error": null
        }
      },
      {
        "kind": "tool_use",
        "id": "w1",
        "name": {
          "kind": "native",
          "name": "Search file format"
        },
        "status": "completed",
        "detail": {
          "kind": "search",
          "paths": [],
          "output": null
        }
      },
      {
        "kind": "text",
        "text": "The file is missing."
      }
    ],
    "stop": {
      "kind": "end_turn"
    },
    "pending": false
  },
  {
    "turn": 1,
    "author": {
      "kind": "user",
      "userId": null
    },
    "requestId": null,
    "parts": [
      {
        "kind": "text",
        "text": "Stop."
      }
    ],
    "stop": null,
    "pending": false
  },
  {
    "turn": 1,
    "author": {
      "kind": "agent"
    },
    "requestId": null,
    "parts": [
      {
        "kind": "text",
        "text": ""
      }
    ],
    "stop": {
      "kind": "cancelled"
    },
    "pending": false
  }
]
