---
source: crates/codex_cloud_agents/src/inbound/acp/prose/test.rs
expression: updates
---
[
  {
    "sessionUpdate": "agent_message_chunk",
    "content": {
      "type": "text",
      "text": " is"
    },
    "_meta": {
      "macro.textReplace": {
        "id": "m"
      }
    }
  },
  {
    "sessionUpdate": "agent_message_chunk",
    "content": {
      "type": "text",
      "text": " is**Codex**"
    },
    "_meta": {
      "macro.textReplace": {
        "id": "m"
      }
    }
  },
  {
    "sessionUpdate": "agent_message_chunk",
    "content": {
      "type": "text",
      "text": "My name is **Codex**."
    },
    "_meta": {
      "macro.textReplace": {
        "id": "m"
      }
    }
  },
  {
    "sessionUpdate": "agent_message_chunk",
    "content": {
      "type": "text",
      "text": "I'm **Codex**."
    },
    "_meta": {
      "macro.textReplace": {
        "id": "m"
      }
    }
  }
]
